src/lib/paraglide/runtime.js(102,37): error TS2339: Property 'env' does not exist on type 'ImportMeta'.
src/lib/paraglide/server.js(68,52): error TS2307: Cannot find module 'async_hooks' or its corresponding type declarations.
